#-----------------------------------------------------------
# Vivado v2025.2 (64-bit)
# SW Build 6299465 on Fri Nov 14 19:35:11 GMT 2025
# IP Build 6300035 on Fri Nov 14 10:48:45 MST 2025
# SharedData Build 6298862 on Thu Nov 13 04:50:51 MST 2025
# Start of session at: Fri Apr 10 01:47:40 2026
# Process ID         : 30800
# Current directory  : C:/Vivado Projects/nn_project/nn_project.runs/synth_1
# Command line       : vivado.exe -log nn_top.vds -product Vivado -mode batch -messageDb vivado.pb -notrace -source nn_top.tcl
# Log file           : C:/Vivado Projects/nn_project/nn_project.runs/synth_1/nn_top.vds
# Journal file       : C:/Vivado Projects/nn_project/nn_project.runs/synth_1\vivado.jou
# Running On         : LAPTOP-M0HQRN51
# Platform           : Windows Server 2016 or Windows 10
# Operating System   : 26200
# Processor Detail   : 13th Gen Intel(R) Core(TM) i5-13420H
# CPU Frequency      : 2611 MHz
# CPU Physical cores : 8
# CPU Logical cores  : 12
# Host memory        : 16802 MB
# Swap memory        : 13958 MB
# Total Virtual      : 30761 MB
# Available Virtual  : 5969 MB
#-----------------------------------------------------------
source nn_top.tcl -notrace
